=== MỘT LỚP (INCREMENTAL OCSVM) ===
Batch 1 data size: (200, 2)
  [Train] Class='class_a' | Version='class_a-01' | Samples=200
  [Train] ✓ Hoàn tất – Inliers: 172/200 (86.0%) | SVs chiết xuất: 30
[Check] Full Training Data Memory: 200
[Check] Suppport Vectors Memory: 30
  [Retrain] Class='class_a' | NewVersion='class_a-02'
  [Retrain] Dữ liệu: Support Vectors nòng cốt (30 điểm) + 50 mẫu mới
  [Retrain] Tối ưu hóa: Tổng dữ liệu huấn luyện = 80
  [Train] Class='class_a' | Version='class_a-02' | Samples=80
  [Train] ✓ Hoàn tất – Inliers: 73/80 (91.2%) | SVs chiết xuất: 13
[Check] Version 2 Support Vectors Memory: 13

=== NHIỀU LỚP (MULTICLASS OVERLAPPING CHECK) ===
  [Train] Class='A' | Version='A-01' | Samples=200
  [Save] ✓ Lưu model tại: test_models\A-01.pkl
  [Train] ✓ Hoàn tất – Inliers: 172/200 (86.0%) | SVs chiết xuất: 30
  [Manifest] ✓ Cập nhật lớp 'A' → version 'A-01'
  [Train] Class='B' | Version='B-01' | Samples=200
  [Save] ✓ Lưu model tại: test_models\B-01.pkl
  [Train] ✓ Hoàn tất – Inliers: 172/200 (86.0%) | SVs chiết xuất: 30
  [Manifest] ✓ Cập nhật lớp 'B' → version 'B-01'
Class A memory: 30
Class B memory: 30
Predictions:
Point [0.1 0.1] -> Predicted: A
Point [9.9 9.9] -> Predicted: B
Point [5. 5.] -> Predicted: unknown
Point [30. 30.] -> Predicted: unknown
